// Jest Snapshot v1, https://goo.gl/fbAQLP

exports[`<MainCard /> should render 1`] = `ShallowWrapper {}`;
